3
["Laptop", "Headphones", "Monitor"]
3
["Laptop", "Headphones", "Monitor"]
1453.46
242.24333333333334
2.99
999.99
["Pen", "Notebook", "Book", "Headphones", "Monitor", "Laptop"]
["Laptop", "Book", "Headphones", "Pen", "Monitor", "Notebook"]
6
[999.99]
["Book: $15.5", "Headphones: $79.99", "Pen: $2.99", "Notebook: $5.99"]
