09:15:42 [NOTICE] Start transpiling test/std/core/datatypes/integer_bitwise.ls...
09:15:42 [ERROR] Syntax tree has errors.
09:15:42 [ERROR] Syntax error at Ln 7, Col 9 - 7, Col 10: ERROR
09:15:42 [ERROR] ERROR node at Ln 7, Col 9 - 7, Col 10
09:15:42 [ERROR] Syntax error at Ln 8, Col 9 - 8, Col 10: ERROR
09:15:42 [ERROR] ERROR node at Ln 8, Col 9 - 8, Col 10
09:15:42 [ERROR] Syntax error at Ln 20, Col 13 - 20, Col 14: ERROR
09:15:42 [ERROR] ERROR node at Ln 20, Col 13 - 20, Col 14
09:15:42 [ERROR] Syntax error at Ln 20, Col 13 - 20, Col 14: ERROR
09:15:42 [ERROR] ERROR node at Ln 20, Col 13 - 20, Col 14
09:15:42 [ERROR] Syntax error at Ln 23, Col 21 - 23, Col 22: ERROR
09:15:42 [ERROR] ERROR node at Ln 23, Col 21 - 23, Col 22
09:15:42 [ERROR] Syntax error at Ln 26, Col 22 - 26, Col 23: ERROR
09:15:42 [ERROR] ERROR node at Ln 26, Col 22 - 26, Col 23
09:15:42 [ERROR] Syntax error at Ln 29, Col 25 - 29, Col 27: ERROR
09:15:42 [ERROR] ERROR node at Ln 29, Col 25 - 29, Col 27
09:15:42 [ERROR] Syntax error at Ln 33, Col 22 - 33, Col 23: ERROR
09:15:42 [ERROR] ERROR node at Ln 33, Col 22 - 33, Col 23
09:15:42 [ERROR] Syntax error at Ln 34, Col 23 - 34, Col 25: ERROR
09:15:42 [ERROR] ERROR node at Ln 34, Col 23 - 34, Col 25
09:15:42 [ERROR] Error: Failed to compile the function.
##### Script 'test/std/core/datatypes/integer_bitwise.ls' executed: #####
null
