09:15:42 [NOTICE] Start transpiling test/std/core/datatypes/null_undefined.ls...
09:15:42 [ERROR] Syntax tree has errors.
09:15:42 [ERROR] Syntax error at Ln 13, Col 21 - 13, Col 22: ERROR
09:15:42 [ERROR] ERROR node at Ln 13, Col 21 - 13, Col 22
09:15:42 [ERROR] Syntax error at Ln 14, Col 22 - 14, Col 23: ERROR
09:15:42 [ERROR] ERROR node at Ln 14, Col 22 - 14, Col 23
09:15:42 [ERROR] Syntax error at Ln 17, Col 19 - 17, Col 20: ERROR
09:15:42 [ERROR] ERROR node at Ln 17, Col 19 - 17, Col 20
09:15:42 [ERROR] Syntax error at Ln 18, Col 24 - 18, Col 25: ERROR
09:15:42 [ERROR] ERROR node at Ln 18, Col 24 - 18, Col 25
09:15:42 [ERROR] Syntax error at Ln 21, Col 16 - 21, Col 20: ERROR
09:15:42 [ERROR] ERROR node at Ln 21, Col 16 - 21, Col 20
09:15:42 [ERROR] Syntax error at Ln 22, Col 16 - 22, Col 20: ERROR
09:15:42 [ERROR] ERROR node at Ln 22, Col 16 - 22, Col 20
09:15:42 [ERROR] Syntax error at Ln 23, Col 16 - 23, Col 20: ERROR
09:15:42 [ERROR] ERROR node at Ln 23, Col 16 - 23, Col 20
09:15:42 [ERROR] Syntax error at Ln 27, Col 17 - 27, Col 18: ERROR
09:15:42 [ERROR] ERROR node at Ln 27, Col 17 - 27, Col 18
09:15:42 [ERROR] Syntax error at Ln 27, Col 20 - 27, Col 21: ERROR
09:15:42 [ERROR] ERROR node at Ln 27, Col 20 - 27, Col 21
09:15:42 [ERROR] Syntax error at Ln 28, Col 17 - 28, Col 18: ERROR
09:15:42 [ERROR] ERROR node at Ln 28, Col 17 - 28, Col 18
09:15:42 [ERROR] Syntax error at Ln 28, Col 20 - 28, Col 21: ERROR
09:15:42 [ERROR] ERROR node at Ln 28, Col 20 - 28, Col 21
09:15:42 [ERROR] Error: Failed to compile the function.
##### Script 'test/std/core/datatypes/null_undefined.ls' executed: #####
null
