09:15:42 [NOTICE] Start transpiling test/std/core/datatypes/set_operations.ls...
09:15:42 [ERROR] Syntax tree has errors.
09:15:42 [ERROR] Syntax error at Ln 7, Col 12 - 7, Col 15: ERROR
09:15:42 [ERROR] ERROR node at Ln 7, Col 12 - 7, Col 15
09:15:42 [ERROR] Syntax error at Ln 8, Col 12 - 8, Col 15: ERROR
09:15:42 [ERROR] ERROR node at Ln 8, Col 12 - 8, Col 15
09:15:42 [ERROR] Syntax error at Ln 17, Col 13 - 17, Col 16: ERROR
09:15:42 [ERROR] ERROR node at Ln 17, Col 13 - 17, Col 16
09:15:42 [ERROR] Syntax error at Ln 17, Col 21 - 17, Col 22: ERROR
09:15:42 [ERROR] ERROR node at Ln 17, Col 21 - 17, Col 22
09:15:42 [ERROR] Syntax error at Ln 17, Col 38 - 17, Col 39: ERROR
09:15:42 [ERROR] ERROR node at Ln 17, Col 38 - 17, Col 39
09:15:42 [ERROR] Syntax error at Ln 18, Col 20 - 18, Col 23: ERROR
09:15:42 [ERROR] ERROR node at Ln 18, Col 20 - 18, Col 23
09:15:42 [ERROR] Syntax error at Ln 18, Col 29 - 18, Col 32: ERROR
09:15:42 [ERROR] ERROR node at Ln 18, Col 29 - 18, Col 32
09:15:42 [ERROR] Syntax error at Ln 18, Col 45 - 18, Col 49: ERROR
09:15:42 [ERROR] ERROR node at Ln 18, Col 45 - 18, Col 49
09:15:42 [ERROR] Syntax error at Ln 19, Col 18 - 19, Col 21: ERROR
09:15:42 [ERROR] ERROR node at Ln 19, Col 18 - 19, Col 21
09:15:42 [ERROR] Syntax error at Ln 19, Col 27 - 19, Col 30: ERROR
09:15:42 [ERROR] ERROR node at Ln 19, Col 27 - 19, Col 30
09:15:42 [ERROR] Syntax error at Ln 19, Col 45 - 19, Col 47: ERROR
09:15:42 [ERROR] ERROR node at Ln 19, Col 45 - 19, Col 47
09:15:42 [ERROR] Syntax error at Ln 22, Col 23 - 22, Col 26: ERROR
09:15:42 [ERROR] ERROR node at Ln 22, Col 23 - 22, Col 26
09:15:42 [ERROR] Error: Failed to compile the function.
##### Script 'test/std/core/datatypes/set_operations.ls' executed: #####
null
