09:15:42 [NOTICE] Start transpiling test/std/core/datatypes/string_basic.ls...
09:15:42 [ERROR] Syntax tree has errors.
09:15:42 [ERROR] Syntax error at Ln 9, Col 18 - 16, Col 14: ERROR
09:15:42 [ERROR] ERROR node at Ln 9, Col 18 - 16, Col 14
09:15:42 [ERROR] Syntax error at Ln 16, Col 21 - 17, Col 4: ERROR
09:15:42 [ERROR] ERROR node at Ln 16, Col 21 - 17, Col 4
09:15:42 [ERROR] Syntax error at Ln 26, Col 27 - 26, Col 29: ERROR
09:15:42 [ERROR] ERROR node at Ln 26, Col 27 - 26, Col 29
09:15:42 [ERROR] Syntax error at Ln 35, Col 1 - 35, Col 24: ERROR
09:15:42 [ERROR] ERROR node at Ln 35, Col 1 - 35, Col 24
09:15:42 [ERROR] Syntax error at Ln 35, Col 15 - 35, Col 16: ERROR
09:15:42 [ERROR] ERROR node at Ln 35, Col 15 - 35, Col 16
09:15:42 [ERROR] Syntax error at Ln 35, Col 15 - 35, Col 16: ERROR
09:15:42 [ERROR] ERROR node at Ln 35, Col 15 - 35, Col 16
09:15:42 [ERROR] Syntax error at Ln 35, Col 31 - 35, Col 32: ERROR
09:15:42 [ERROR] ERROR node at Ln 35, Col 31 - 35, Col 32
09:15:42 [ERROR] Syntax error at Ln 35, Col 31 - 35, Col 32: ERROR
09:15:42 [ERROR] ERROR node at Ln 35, Col 31 - 35, Col 32
09:15:42 [ERROR] Error: Failed to compile the function.
##### Script 'test/std/core/datatypes/string_basic.ls' executed: #####
null
