09:15:42 [NOTICE] Start transpiling test/std/core/datatypes/string_conversion.ls...
09:15:42 [ERROR] Syntax tree has errors.
09:15:42 [ERROR] Syntax error at Ln 8, Col 11 - 8, Col 21: ERROR
09:15:42 [ERROR] ERROR node at Ln 8, Col 11 - 8, Col 21
09:15:42 [ERROR] Syntax error at Ln 9, Col 17 - 9, Col 26: ERROR
09:15:42 [ERROR] ERROR node at Ln 9, Col 17 - 9, Col 26
09:15:42 [ERROR] Syntax error at Ln 10, Col 17 - 10, Col 26: ERROR
09:15:42 [ERROR] ERROR node at Ln 10, Col 17 - 10, Col 26
09:15:42 [ERROR] Syntax error at Ln 11, Col 18 - 11, Col 28: ERROR
09:15:42 [ERROR] ERROR node at Ln 11, Col 18 - 11, Col 28
09:15:42 [ERROR] Syntax error at Ln 14, Col 15 - 14, Col 20: ERROR
09:15:42 [ERROR] ERROR node at Ln 14, Col 15 - 14, Col 20
09:15:42 [ERROR] Syntax error at Ln 15, Col 17 - 15, Col 24: ERROR
09:15:42 [ERROR] ERROR node at Ln 15, Col 17 - 15, Col 24
09:15:42 [ERROR] Syntax error at Ln 16, Col 16 - 16, Col 23: ERROR
09:15:42 [ERROR] ERROR node at Ln 16, Col 16 - 16, Col 23
09:15:42 [ERROR] Syntax error at Ln 17, Col 16 - 17, Col 23: ERROR
09:15:42 [ERROR] ERROR node at Ln 17, Col 16 - 17, Col 23
09:15:42 [ERROR] Syntax error at Ln 22, Col 1 - 22, Col 45: ERROR
09:15:42 [ERROR] ERROR node at Ln 22, Col 1 - 22, Col 45
09:15:42 [ERROR] Syntax error at Ln 22, Col 17 - 22, Col 25: ERROR
09:15:42 [ERROR] ERROR node at Ln 22, Col 17 - 22, Col 25
09:15:42 [ERROR] Syntax error at Ln 22, Col 17 - 22, Col 18: ERROR
09:15:42 [ERROR] ERROR node at Ln 22, Col 17 - 22, Col 18
09:15:42 [ERROR] Syntax error at Ln 22, Col 38 - 22, Col 39: ERROR
09:15:42 [ERROR] ERROR node at Ln 22, Col 38 - 22, Col 39
09:15:42 [ERROR] Syntax error at Ln 22, Col 44 - 22, Col 45: ERROR
09:15:42 [ERROR] ERROR node at Ln 22, Col 44 - 22, Col 45
09:15:42 [ERROR] Error: Failed to compile the function.
##### Script 'test/std/core/datatypes/string_conversion.ls' executed: #####
null
