09:15:42 [NOTICE] Start transpiling test/std/core/datatypes/string_methods.ls...
09:15:42 [ERROR] Syntax tree has errors.
09:15:42 [ERROR] Syntax error at Ln 32, Col 34 - 32, Col 36: ERROR
09:15:42 [ERROR] ERROR node at Ln 32, Col 34 - 32, Col 36
09:15:42 [ERROR] Syntax error at Ln 32, Col 37 - 32, Col 39: ERROR
09:15:42 [ERROR] ERROR node at Ln 32, Col 37 - 32, Col 39
09:15:42 [ERROR] Error: Failed to compile the function.
##### Script 'test/std/core/datatypes/string_methods.ls' executed: #####
null
