09:15:47 [NOTICE] Start transpiling test/std/core/operators/precedence_complex.ls...
[script:list]
  [content:list[3]]
    no declare
    item:
    [let stam:null]
      declare:
      [assign expr:a:int]
        [primary expr:int,const:1]
          [const: int]
    item:
    [let stam:null]
      declare:
      [assign expr:b:int]
        [primary expr:int,const:1]
          [const: int]
    item:
    [binary expr +.3:int]
      [binary expr +.3:int]
        [binary expr *.5:int]
          [primary expr:int,const:1]
            [ident:a:int,const:1]
          [primary expr:int,const:1]
            [ident:b:int,const:1]
        [primary expr:int,const:1]
          [const: int]
      [primary expr:int,const:1]
        [const: int]
09:15:47 [NOTICE] compiling C code in 'test/std/core/operators/precedence_complex.ls' to MIR
C2MIR init end           -- 136 usec
test/std/core/operators/precedence_complex.ls:1:2: warning -- unknown pragma
    preprocessor tokens -- 2458, parse tokens -- 1490
  C2MIR preprocessor end    -- 707 usec
  C2MIR parser end          -- 837 usec
  C2MIR context checker end -- 928 usec
  C2MIR generator end       -- 985 usec
C2MIR compiler end                -- 1022 usec
09:15:47 [NOTICE] Generating native code...
##### Script 'test/std/core/operators/precedence_complex.ls' executed: #####
23
