45.14
0
-2.5
error
error
error
error
error
error
error
error
error
error
error
error
error
error
error
error
error
error
error
error
error
38.86
0
error
error
error
error
error
error
error
error
error
131.88
0
-7.5
error
error
error
error
error
error
error
error
error
13.3757961783
0
error
error
error
error
error
error
error
error
error
2
-1
error
error
error
error
error
error
error
error
error
1024
11.313708499
8
8
1
1
error
error
error
error
error
error
8
-3
33
error
error
error
error
error
error
error
error
