true
false
false
false
true
true
true
false
false
true
true
false
true
false
1
1
0
0
false
false
false
false
true
false
true
false
3.14
3.14
0
0
false
false
false
true
false
false
true
true
true
false
true
false
[1]
[1]
[]
[]
false
false
false
true
false
{
  a: 1
}
{
  a: 1
}
false
false
2
0
1
0
[]
[]
