true
true
true
true
true
true
true
true
true
true
true
true
true
error
error
false
error
error
false
error
error
error
error
false
error
false
error
error
error
false
true
error
error
error
error
error
error
false
false
error
false
false
false
true
false
false
false
error
error
error
error
error
error
error
false
error
error
true
true
false
true
true
false
false
error
error
true
true
true
