true
false
false
true
false
false
true
false
true
false
false
true
error
error
error
error
error
error
error
error
error
error
error
error
error
error
error
true
false
false
true
false
true
false
true
false
error
error
error
error
error
error
true
false
true
true
true
true
true
false
error
error
error
true
false
true
true
true
true
true
false
error
error
error
