"level 1fn_call2: cannot call non-function valuefn_call2: cannot call non-function valuefn_call2: cannot call non-function valuefn_call2: cannot call non-function valuefn_call2: cannot call non-function valuefn_call2: cannot call non-function valuefn_call2: cannot call non-function valuefn_call2: cannot call non-function valuefn_call2: cannot call non-function value"
212
212
212
"fn_call2: cannot call non-function valuefn_call2: cannot call non-function valuefn_call2: cannot call non-function valuefn_call2: cannot call non-function valuefalsydefault"
